2026-04-28T21:09:06 ═══════════════════════════════════════════════════════════
2026-04-28T21:09:06 ═══════════════════════════════════════════════════════════
2026-04-28T21:09:06  Sprint Camera-Ready  |  GPU: NVIDIA A100-SXM4-80GB
2026-04-28T21:09:06  Sprint Camera-Ready  |  GPU: NVIDIA A100-SXM4-80GB
2026-04-28T21:09:06  RESUME=0  ONLY=all  DRY=0
2026-04-28T21:09:06  RESUME=0  ONLY=all  DRY=0
2026-04-28T21:09:06 ═══════════════════════════════════════════════════════════
2026-04-28T21:09:06 ═══════════════════════════════════════════════════════════
2026-04-28T21:09:06 
2026-04-28T21:09:06 
2026-04-28T21:09:06 ──────────────────────────────────────────────
2026-04-28T21:09:06 ──────────────────────────────────────────────
2026-04-28T21:09:06   Running: e00_wcet_large_spaced  —  round-robin N=5000, 1s spacing, 12 cells (~1.4h)
2026-04-28T21:09:06   Running: e00_wcet_large_spaced  —  round-robin N=5000, 1s spacing, 12 cells (~1.4h)
2026-04-28T21:09:06   Attempt 1/3 ...
2026-04-28T21:09:06   Attempt 1/3 ...
==============================================================
E00  Round-Robin WCET  N=5000  spacing=1000ms  cells=12
==============================================================
Loading base model: TinyLlama/TinyLlama-1.1B-Chat-v1.0...
Loading weights:   0%|          | 0/201 [00:00<?, ?it/s]Loading weights:  56%|█████▌    | 112/201 [00:00<00:00, 1108.17it/s]Loading weights: 100%|██████████| 201/201 [00:00<00:00, 1123.93it/s]
Model loaded: 22 transformer layers | dtype=bfloat16 | SDPA enabled

Setup: priming 12 cell contexts (warmup=50/cell) ...
  done in 8.5s

Timed phase: 5000 rounds × 12 cells = 60,000 samples, ETA ≈ 83.3 min
  round     1/5000  (  0.0%)  wall=  0.0min  eta= 83.3min  cell0_p99=nanms
  round   101/5000  (  2.0%)  wall=  1.7min  eta= 81.7min  cell0_p99=5.620ms
  round   201/5000  (  4.0%)  wall=  3.4min  eta= 80.0min  cell0_p99=5.736ms
  round   301/5000  (  6.0%)  wall=  5.0min  eta= 78.3min  cell0_p99=5.620ms
  round   401/5000  (  8.0%)  wall=  6.7min  eta= 76.7min  cell0_p99=5.811ms
  round   501/5000  ( 10.0%)  wall=  8.4min  eta= 75.0min  cell0_p99=5.811ms
  round   601/5000  ( 12.0%)  wall= 10.0min  eta= 73.3min  cell0_p99=5.814ms
  round   701/5000  ( 14.0%)  wall= 11.7min  eta= 71.7min  cell0_p99=5.814ms
  round   801/5000  ( 16.0%)  wall= 13.4min  eta= 70.0min  cell0_p99=5.811ms
  round   901/5000  ( 18.0%)  wall= 15.0min  eta= 68.3min  cell0_p99=5.736ms
  round  1001/5000  ( 20.0%)  wall= 16.7min  eta= 66.7min  cell0_p99=5.811ms
  round  1101/5000  ( 22.0%)  wall= 18.4min  eta= 65.0min  cell0_p99=5.811ms
  round  1201/5000  ( 24.0%)  wall= 20.0min  eta= 63.3min  cell0_p99=5.908ms
  round  1301/5000  ( 26.0%)  wall= 21.7min  eta= 61.7min  cell0_p99=5.881ms
  round  1401/5000  ( 28.0%)  wall= 23.4min  eta= 60.0min  cell0_p99=5.881ms
  round  1501/5000  ( 30.0%)  wall= 25.0min  eta= 58.3min  cell0_p99=5.881ms
  round  1601/5000  ( 32.0%)  wall= 26.7min  eta= 56.7min  cell0_p99=5.908ms
  round  1701/5000  ( 34.0%)  wall= 28.4min  eta= 55.0min  cell0_p99=6.901ms
  round  1801/5000  ( 36.0%)  wall= 30.0min  eta= 53.3min  cell0_p99=6.901ms
  round  1901/5000  ( 38.0%)  wall= 31.7min  eta= 51.7min  cell0_p99=6.854ms
  round  2001/5000  ( 40.0%)  wall= 33.4min  eta= 50.0min  cell0_p99=6.738ms
  round  2101/5000  ( 42.0%)  wall= 35.0min  eta= 48.3min  cell0_p99=6.706ms
  round  2201/5000  ( 44.0%)  wall= 36.7min  eta= 46.7min  cell0_p99=6.738ms
  round  2301/5000  ( 46.0%)  wall= 38.4min  eta= 45.0min  cell0_p99=6.706ms
  round  2401/5000  ( 48.0%)  wall= 40.0min  eta= 43.3min  cell0_p99=6.706ms
  round  2501/5000  ( 50.0%)  wall= 41.7min  eta= 41.7min  cell0_p99=6.706ms
  round  2601/5000  ( 52.0%)  wall= 43.4min  eta= 40.0min  cell0_p99=6.525ms
  round  2701/5000  ( 54.0%)  wall= 45.0min  eta= 38.3min  cell0_p99=6.901ms
  round  2801/5000  ( 56.0%)  wall= 46.7min  eta= 36.7min  cell0_p99=6.901ms
  round  2901/5000  ( 58.0%)  wall= 48.4min  eta= 35.0min  cell0_p99=6.933ms
  round  3001/5000  ( 60.0%)  wall= 50.0min  eta= 33.3min  cell0_p99=6.901ms
  round  3101/5000  ( 62.0%)  wall= 51.7min  eta= 31.7min  cell0_p99=6.854ms
  round  3201/5000  ( 64.0%)  wall= 53.4min  eta= 30.0min  cell0_p99=6.854ms
