2026-04-27T17:57:09 [WATCHDOG] Watchdog started (PID=3645, session=sprint_e01, poll=120s, total=8)
2026-04-27T17:59:09 [WATCHDOG] OK  temp=30C  util=0 %  done=0
0/8
watchdog.sh: line 31: [: 0
0: integer expression expected
2026-04-27T18:01:09 [WATCHDOG] OK  temp=30C  util=1 %  done=0
0/8
watchdog.sh: line 31: [: 0
0: integer expression expected
2026-04-27T18:03:09 [WATCHDOG] OK  temp=30C  util=0 %  done=0
0/8
watchdog.sh: line 31: [: 0
0: integer expression expected
2026-04-27T18:05:09 [WATCHDOG] OK  temp=30C  util=3 %  done=0
0/8
watchdog.sh: line 31: [: 0
0: integer expression expected
2026-04-27T18:07:09 [WATCHDOG] OK  temp=30C  util=0 %  done=0
0/8
watchdog.sh: line 31: [: 0
0: integer expression expected
2026-04-27T18:09:09 [WATCHDOG] OK  temp=30C  util=0 %  done=0
0/8
watchdog.sh: line 31: [: 0
0: integer expression expected
2026-04-27T18:11:09 [WATCHDOG] OK  temp=30C  util=0 %  done=0
0/8
watchdog.sh: line 31: [: 0
0: integer expression expected
2026-04-27T18:13:10 [WATCHDOG] OK  temp=30C  util=4 %  done=0
0/8
watchdog.sh: line 31: [: 0
0: integer expression expected
2026-04-27T18:15:10 [WATCHDOG] OK  temp=30C  util=0 %  done=0
0/8
watchdog.sh: line 31: [: 0
0: integer expression expected
2026-04-27T18:17:10 [WATCHDOG] OK  temp=30C  util=0 %  done=0
0/8
watchdog.sh: line 31: [: 0
0: integer expression expected
2026-04-27T18:19:10 [WATCHDOG] OK  temp=30C  util=0 %  done=0
0/8
watchdog.sh: line 31: [: 0
0: integer expression expected
2026-04-27T18:21:10 [WATCHDOG] OK  temp=30C  util=0 %  done=0
0/8
watchdog.sh: line 31: [: 0
0: integer expression expected
2026-04-27T18:23:10 [WATCHDOG] OK  temp=30C  util=0 %  done=0
0/8
watchdog.sh: line 31: [: 0
0: integer expression expected
2026-04-27T18:25:10 [WATCHDOG] OK  temp=30C  util=0 %  done=0
0/8
watchdog.sh: line 31: [: 0
0: integer expression expected
2026-04-27T18:27:10 [WATCHDOG] OK  temp=30C  util=0 %  done=0
0/8
watchdog.sh: line 31: [: 0
0: integer expression expected
2026-04-27T18:29:10 [WATCHDOG] OK  temp=30C  util=0 %  done=0
0/8
watchdog.sh: line 31: [: 0
0: integer expression expected
2026-04-27T18:31:11 [WATCHDOG] OK  temp=30C  util=0 %  done=0
0/8
watchdog.sh: line 31: [: 0
0: integer expression expected
2026-04-27T18:33:11 [WATCHDOG] OK  temp=30C  util=0 %  done=0
0/8
watchdog.sh: line 31: [: 0
0: integer expression expected
2026-04-27T18:35:11 [WATCHDOG] OK  temp=30C  util=0 %  done=0
0/8
watchdog.sh: line 31: [: 0
0: integer expression expected
2026-04-27T18:37:11 [WATCHDOG] OK  temp=30C  util=0 %  done=0
0/8
watchdog.sh: line 31: [: 0
0: integer expression expected
2026-04-27T18:39:11 [WATCHDOG] OK  temp=30C  util=0 %  done=0
0/8
watchdog.sh: line 31: [: 0
0: integer expression expected
2026-04-27T18:41:11 [WATCHDOG] OK  temp=30C  util=0 %  done=0
0/8
watchdog.sh: line 31: [: 0
0: integer expression expected
2026-04-27T18:43:11 [WATCHDOG] OK  temp=30C  util=0 %  done=0
0/8
watchdog.sh: line 31: [: 0
0: integer expression expected
2026-04-27T18:45:11 [WATCHDOG] OK  temp=30C  util=0 %  done=0
0/8
watchdog.sh: line 31: [: 0
0: integer expression expected
2026-04-27T18:47:12 [WATCHDOG] OK  temp=30C  util=0 %  done=0
0/8
watchdog.sh: line 31: [: 0
0: integer expression expected
2026-04-27T18:49:12 [WATCHDOG] OK  temp=30C  util=0 %  done=0
0/8
watchdog.sh: line 31: [: 0
0: integer expression expected
2026-04-27T18:51:12 [WATCHDOG] OK  temp=30C  util=0 %  done=0
0/8
watchdog.sh: line 31: [: 0
0: integer expression expected
2026-04-27T18:53:12 [WATCHDOG] OK  temp=30C  util=0 %  done=0
0/8
watchdog.sh: line 31: [: 0
0: integer expression expected
2026-04-27T18:55:12 [WATCHDOG] OK  temp=30C  util=0 %  done=0
0/8
watchdog.sh: line 31: [: 0
0: integer expression expected
2026-04-27T18:57:12 [WATCHDOG] OK  temp=29C  util=0 %  done=0
0/8
watchdog.sh: line 31: [: 0
0: integer expression expected
2026-04-27T18:59:12 [WATCHDOG] OK  temp=30C  util=0 %  done=0
0/8
watchdog.sh: line 31: [: 0
0: integer expression expected
2026-04-27T19:01:12 [WATCHDOG] OK  temp=30C  util=0 %  done=0
0/8
watchdog.sh: line 31: [: 0
0: integer expression expected
2026-04-27T19:03:12 [WATCHDOG] OK  temp=29C  util=0 %  done=0
0/8
watchdog.sh: line 31: [: 0
0: integer expression expected
2026-04-27T19:05:13 [WATCHDOG] OK  temp=29C  util=0 %  done=0
0/8
watchdog.sh: line 31: [: 0
0: integer expression expected
2026-04-27T19:07:13 [WATCHDOG] OK  temp=30C  util=0 %  done=0
0/8
watchdog.sh: line 31: [: 0
0: integer expression expected
2026-04-27T19:09:13 [WATCHDOG] OK  temp=30C  util=0 %  done=0
0/8
watchdog.sh: line 31: [: 0
0: integer expression expected
2026-04-27T19:11:13 [WATCHDOG] OK  temp=30C  util=0 %  done=0
0/8
watchdog.sh: line 31: [: 0
0: integer expression expected
2026-04-27T19:13:13 [WATCHDOG] OK  temp=30C  util=0 %  done=0
0/8
watchdog.sh: line 31: [: 0
0: integer expression expected
2026-04-27T19:15:13 [WATCHDOG] OK  temp=29C  util=0 %  done=0
0/8
watchdog.sh: line 31: [: 0
0: integer expression expected
2026-04-27T19:17:13 [WATCHDOG] OK  temp=30C  util=0 %  done=0
0/8
watchdog.sh: line 31: [: 0
0: integer expression expected
2026-04-27T19:19:13 [WATCHDOG] OK  temp=30C  util=1 %  done=0
0/8
watchdog.sh: line 31: [: 0
0: integer expression expected
2026-04-27T19:21:13 [WATCHDOG] OK  temp=30C  util=0 %  done=0
0/8
watchdog.sh: line 31: [: 0
0: integer expression expected
2026-04-27T19:23:13 [WATCHDOG] OK  temp=30C  util=0 %  done=0
0/8
watchdog.sh: line 31: [: 0
0: integer expression expected
2026-04-27T19:25:14 [WATCHDOG] OK  temp=30C  util=0 %  done=0
0/8
watchdog.sh: line 31: [: 0
0: integer expression expected
2026-04-27T19:27:14 [WATCHDOG] OK  temp=30C  util=0 %  done=0
0/8
watchdog.sh: line 31: [: 0
0: integer expression expected
2026-04-27T19:29:14 [WATCHDOG] OK  temp=30C  util=0 %  done=0
0/8
watchdog.sh: line 31: [: 0
0: integer expression expected
2026-04-27T19:31:14 [WATCHDOG] OK  temp=30C  util=0 %  done=0
0/8
watchdog.sh: line 31: [: 0
0: integer expression expected
2026-04-27T19:33:14 [WATCHDOG] OK  temp=30C  util=0 %  done=0
0/8
watchdog.sh: line 31: [: 0
0: integer expression expected
2026-04-27T19:35:14 [WATCHDOG] OK  temp=30C  util=0 %  done=0
0/8
watchdog.sh: line 31: [: 0
0: integer expression expected
2026-04-27T19:37:14 [WATCHDOG] OK  temp=30C  util=0 %  done=0
0/8
watchdog.sh: line 31: [: 0
0: integer expression expected
2026-04-27T19:39:15 [WATCHDOG] OK  temp=30C  util=0 %  done=0
0/8
watchdog.sh: line 31: [: 0
0: integer expression expected
2026-04-27T19:41:15 [WATCHDOG] OK  temp=30C  util=0 %  done=0
0/8
watchdog.sh: line 31: [: 0
0: integer expression expected
2026-04-27T19:43:15 [WATCHDOG] OK  temp=30C  util=0 %  done=1/8
2026-04-27T19:45:15 [WATCHDOG] OK  temp=31C  util=41 %  done=1/8
2026-04-27T19:47:15 [WATCHDOG] OK  temp=31C  util=42 %  done=1/8
2026-04-27T19:49:15 [WATCHDOG] OK  temp=31C  util=41 %  done=1/8
2026-04-27T19:51:15 [WATCHDOG] OK  temp=32C  util=42 %  done=2/8
2026-04-27T19:53:15 [WATCHDOG] OK  temp=31C  util=40 %  done=2/8
2026-04-27T19:55:15 [WATCHDOG] OK  temp=31C  util=41 %  done=3/8
2026-04-27T19:57:15 [WATCHDOG] OK  temp=31C  util=38 %  done=4/8
2026-04-27T19:59:16 [WATCHDOG] OK  temp=34C  util=57 %  done=4/8
2026-04-27T20:01:16 [WATCHDOG] OK  temp=36C  util=76 %  done=4/8
2026-04-27T20:03:16 [WATCHDOG] OK  temp=39C  util=91 %  done=4/8
2026-04-27T20:05:16 [WATCHDOG] OK  temp=41C  util=97 %  done=4/8
2026-04-27T20:07:16 [WATCHDOG] OK  temp=41C  util=97 %  done=4/8
2026-04-27T20:09:17 [WATCHDOG] OK  temp=42C  util=98 %  done=4/8
2026-04-27T20:11:17 [WATCHDOG] OK  temp=42C  util=97 %  done=4/8
2026-04-27T20:13:17 [WATCHDOG] OK  temp=42C  util=98 %  done=4/8
2026-04-27T20:15:17 [WATCHDOG] OK  temp=43C  util=98 %  done=4/8
2026-04-27T20:17:17 [WATCHDOG] OK  temp=42C  util=98 %  done=4/8
2026-04-27T20:19:18 [WATCHDOG] OK  temp=42C  util=98 %  done=4/8
2026-04-27T20:21:18 [WATCHDOG] OK  temp=42C  util=84 %  done=4/8
2026-04-27T20:23:18 [WATCHDOG] OK  temp=43C  util=98 %  done=4/8
2026-04-27T20:25:18 [WATCHDOG] OK  temp=43C  util=99 %  done=4/8
2026-04-27T20:27:19 [WATCHDOG] OK  temp=43C  util=99 %  done=4/8
2026-04-27T20:29:19 [WATCHDOG] OK  temp=43C  util=99 %  done=4/8
2026-04-27T20:31:19 [WATCHDOG] OK  temp=41C  util=99 %  done=4/8
2026-04-27T20:33:19 [WATCHDOG] OK  temp=43C  util=99 %  done=4/8
2026-04-27T20:35:20 [WATCHDOG] OK  temp=43C  util=99 %  done=4/8
2026-04-27T20:37:20 [WATCHDOG] OK  temp=43C  util=99 %  done=4/8
2026-04-27T20:39:20 [WATCHDOG] OK  temp=43C  util=99 %  done=4/8
2026-04-27T20:41:20 [WATCHDOG] OK  temp=44C  util=99 %  done=4/8
2026-04-27T20:43:20 [WATCHDOG] OK  temp=43C  util=99 %  done=4/8
2026-04-27T20:45:21 [WATCHDOG] OK  temp=43C  util=99 %  done=4/8
2026-04-27T20:47:21 [WATCHDOG] OK  temp=43C  util=99 %  done=4/8
2026-04-27T20:49:21 [WATCHDOG] OK  temp=43C  util=99 %  done=4/8
2026-04-27T20:51:21 [WATCHDOG] OK  temp=42C  util=98 %  done=4/8
2026-04-27T20:53:21 [WATCHDOG] OK  temp=43C  util=99 %  done=4/8
2026-04-27T20:55:21 [WATCHDOG] OK  temp=43C  util=99 %  done=4/8
2026-04-27T20:57:21 [WATCHDOG] OK  temp=35C  util=0 %  done=5/8
2026-04-27T20:59:22 [WATCHDOG] OK  temp=32C  util=38 %  done=5/8
2026-04-27T21:01:22 [WATCHDOG] OK  temp=31C  util=38 %  done=5/8
2026-04-27T21:03:22 [WATCHDOG] OK  temp=31C  util=38 %  done=5/8
